// Jest Snapshot v1, https://goo.gl/fbAQLP

exports[`utils/formatPrompt() should return a string 1`] = `
"Project:
- Name: FooBar
- Framework: Tauri, React
- Languages: Rust, TypeScript

src/index.tsx:
\`\`\`
Some TypeScript
\`\`\`

src-tauri/src/main.rs:
\`\`\`
Some Rust
\`\`\`"
`;
